[2026-02-25 12:50:03] エラー発生: SMTP Error: Could not authenticate.
[2026-02-26 21:19:38] エラー発生: SMTP Error: Could not authenticate.
[2026-02-26 22:26:32] エラー発生: SMTP Error: Could not authenticate.
[2026-02-26 23:17:05]  SMTP[2] SERVER -> CLIENT: 220 mail.canet.ne.jp ESMTP (submission cluster node 01)

[2026-02-26 23:17:05]  SMTP[1] CLIENT -> SERVER: EHLO www.canet.ne.jp

[2026-02-26 23:17:06]  SMTP[2] SERVER -> CLIENT: 250-access01.SiriusCloud.jp
250-PIPELINING
250-SIZE 57671680
250-ETRN
250-STARTTLS
250-AUTH PLAIN LOGIN CRAM-MD5
250-AUTH=PLAIN LOGIN CRAM-MD5
250-ENHANCEDSTATUSCODES
250-8BITMIME
250 DSN

[2026-02-26 23:17:06]  SMTP[1] CLIENT -> SERVER: STARTTLS

[2026-02-26 23:17:06]  SMTP[2] SERVER -> CLIENT: 220 2.0.0 Ready to start TLS

[2026-02-26 23:17:06]  SMTP[1] CLIENT -> SERVER: EHLO www.canet.ne.jp

[2026-02-26 23:17:06]  SMTP[2] SERVER -> CLIENT: 250-access01.SiriusCloud.jp
250-PIPELINING
250-SIZE 57671680
250-ETRN
250-AUTH PLAIN LOGIN CRAM-MD5
250-AUTH=PLAIN LOGIN CRAM-MD5
250-ENHANCEDSTATUSCODES
250-8BITMIME
250 DSN

[2026-02-26 23:17:06]  SMTP[1] CLIENT -> SERVER: AUTH CRAM-MD5

[2026-02-26 23:17:06]  SMTP[2] SERVER -> CLIENT: 334 PDE3MTE5ODYyNjcwMjEwNzEuMTc3MjExNTQyNkBzaS1tYWlsMDE+

[2026-02-26 23:17:06]  SMTP[1] CLIENT -> SERVER: [credentials hidden]
[2026-02-26 23:17:06]  SMTP[2] SERVER -> CLIENT: 235 2.7.0 Authentication successful

[2026-02-26 23:17:06]  SMTP[1] CLIENT -> SERVER: MAIL FROM:<sales@catvnet.co.jp>

[2026-02-26 23:17:06]  SMTP[2] SERVER -> CLIENT: 250 2.1.0 Ok

[2026-02-26 23:17:06]  SMTP[1] CLIENT -> SERVER: RCPT TO:<keita.matsubara@interark.co.jp>

[2026-02-26 23:17:06]  SMTP[2] SERVER -> CLIENT: 250 2.1.5 Ok

[2026-02-26 23:17:06]  SMTP[1] CLIENT -> SERVER: DATA

[2026-02-26 23:17:06]  SMTP[2] SERVER -> CLIENT: 354 End data with <CR><LF>.<CR><LF>

[2026-02-26 23:17:06]  SMTP[1] CLIENT -> SERVER: Date: Thu, 26 Feb 2026 23:17:05 +0900

[2026-02-26 23:17:06]  SMTP[1] CLIENT -> SERVER: To: keita.matsubara@interark.co.jp

[2026-02-26 23:17:06]  SMTP[1] CLIENT -> SERVER: From: =?UTF-8?B?5bCE5rC044Kx44O844OW44Or44ON44OD44OI44Ov44O844Kv5qCq5byP5Lya?=

[2026-02-26 23:17:06]  SMTP[1] CLIENT -> SERVER:  =?UTF-8?B?56S+?= <sales@catvnet.co.jp>

[2026-02-26 23:17:06]  SMTP[1] CLIENT -> SERVER: Reply-To: =?UTF-8?B?44Kk44Oz44K/44O844Ki44O844Kv5p2+5Y6f?= <keita.matsubara@interark.co.jp>

[2026-02-26 23:17:06]  SMTP[1] CLIENT -> SERVER: Subject: =?UTF-8?B?44CQ5bCE5rC044Kx44O844OW44Or44ON44OD44OI44Ov44O844Kv44CR44ON?=

[2026-02-26 23:17:06]  SMTP[1] CLIENT -> SERVER:  =?UTF-8?B?44OD44OITFAg44GK5ZWP44GE5ZCI44KP44Gb44OV44Kp44O844Og?=

[2026-02-26 23:17:06]  SMTP[1] CLIENT -> SERVER: Message-ID: <NQto8R5EfM8ccSulSYVnnVt5Fisfw4loLtNYdwzXg@www.canet.ne.jp>

[2026-02-26 23:17:06]  SMTP[1] CLIENT -> SERVER: X-Mailer: PHPMailer 6.9.3 (https://github.com/PHPMailer/PHPMailer)

[2026-02-26 23:17:06]  SMTP[1] CLIENT -> SERVER: MIME-Version: 1.0

[2026-02-26 23:17:06]  SMTP[1] CLIENT -> SERVER: Content-Type: text/plain; charset=UTF-8

[2026-02-26 23:17:06]  SMTP[1] CLIENT -> SERVER: Content-Transfer-Encoding: base64

[2026-02-26 23:17:06]  SMTP[1] CLIENT -> SERVER: 

[2026-02-26 23:17:06]  SMTP[1] CLIENT -> SERVER: 5bCE5rC044Kx44O844OW44Or44ON44OD44OI44Ov44O844KvIOODjeODg+ODiExQ44KI44KK44GK

[2026-02-26 23:17:06]  SMTP[1] CLIENT -> SERVER: 5ZWP44GE5ZCI44KP44Gb44GM44GC44KK44G+44GX44Gf44CCCgotLS0tLS0tLS0tLS0tLS0tLS0t

[2026-02-26 23:17:06]  SMTP[1] CLIENT -> SERVER: LS0tLS0tLS0tLS0tLS0tLS0tLS0tLS0tLS0tLS0tLS0tLS0tLS0tLS0KWyDjgYrllY/jgYTlkIjj

[2026-02-26 23:17:06]  SMTP[1] CLIENT -> SERVER: go/jgZvjga7nqK7poZ4gXSDjgb7jgZrjga/nm7joq4fjgpLjgZfjgZ/jgYQKWyDjgYrlkI3liY0g

[2026-02-26 23:17:06]  SMTP[1] CLIENT -> SERVER: XSDjgqTjg7Pjgr/jg7zjgqLjg7zjgq/mnb7ljp8KWyDjgZTkvY/miYAgXSDkvY/miYDjg4bjgrnj

[2026-02-26 23:17:06]  SMTP[1] CLIENT -> SERVER: g4gKWyDpm7voqbHnlarlj7cgXSAwOTA5OTk5OTk5OQpbIOODoeODvOODq+OCouODieODrOOCuSBd

[2026-02-26 23:17:06]  SMTP[1] CLIENT -> SERVER: IGtlaXRhLm1hdHN1YmFyYUBpbnRlcmFyay5jby5qcApbIOOBiuWVj+OBhOWQiOOCj+OBm+WGheWu

[2026-02-26 23:17:06]  SMTP[1] CLIENT -> SERVER: uSBdCuebuOirh+WGheWuuXRlc3QKClsg6YCB5L+h5pel5pmCIF0gMjAyNi0wMi0yNiAyMzoxNzow

[2026-02-26 23:17:06]  SMTP[1] CLIENT -> SERVER: NQoKLS0tLQrjgZPjga7jg6Hjg7zjg6vjga/lsITmsLTjgrHjg7zjg5bjg6vjg43jg4Pjg4jjg6/j

[2026-02-26 23:17:06]  SMTP[1] CLIENT -> SERVER: g7zjgq9MUOOBruOBiuWVj+OBhOWQiOOCj+OBm+ODleOCqeODvOODoOOBi+OCiemAgeS/oeOBleOC

[2026-02-26 23:17:06]  SMTP[1] CLIENT -> SERVER: jOOBvuOBl+OBn+OAggo=

[2026-02-26 23:17:06]  SMTP[1] CLIENT -> SERVER: 

[2026-02-26 23:17:06]  SMTP[1] CLIENT -> SERVER: .

[2026-02-26 23:17:06]  SMTP[2] SERVER -> CLIENT: 250 2.0.0 Ok: queued as 4fMD6p1XgFz35rS8S

[2026-02-26 23:17:06]  SMTP[1] CLIENT -> SERVER: QUIT

[2026-02-26 23:17:06]  SMTP[2] SERVER -> CLIENT: 221 2.0.0 Bye

[2026-02-26 23:17:06]  SMTP[2] SERVER -> CLIENT: 220 mail.canet.ne.jp ESMTP (submission cluster node 01)

[2026-02-26 23:17:06]  SMTP[1] CLIENT -> SERVER: EHLO www.canet.ne.jp

[2026-02-26 23:17:06]  SMTP[2] SERVER -> CLIENT: 250-access01.SiriusCloud.jp
250-PIPELINING
250-SIZE 57671680
250-ETRN
250-STARTTLS
250-AUTH PLAIN LOGIN CRAM-MD5
250-AUTH=PLAIN LOGIN CRAM-MD5
250-ENHANCEDSTATUSCODES
250-8BITMIME
250 DSN

[2026-02-26 23:17:06]  SMTP[1] CLIENT -> SERVER: STARTTLS

[2026-02-26 23:17:06]  SMTP[2] SERVER -> CLIENT: 220 2.0.0 Ready to start TLS

[2026-02-26 23:17:06]  SMTP[1] CLIENT -> SERVER: EHLO www.canet.ne.jp

[2026-02-26 23:17:06]  SMTP[2] SERVER -> CLIENT: 250-access01.SiriusCloud.jp
250-PIPELINING
250-SIZE 57671680
250-ETRN
250-AUTH PLAIN LOGIN CRAM-MD5
250-AUTH=PLAIN LOGIN CRAM-MD5
250-ENHANCEDSTATUSCODES
250-8BITMIME
250 DSN

[2026-02-26 23:17:06]  SMTP[1] CLIENT -> SERVER: AUTH CRAM-MD5

[2026-02-26 23:17:06]  SMTP[2] SERVER -> CLIENT: 334 PDkyNTY0NjU4Njk5MDk2MjYuMTc3MjExNTQyNkBzaS1tYWlsMDE+

[2026-02-26 23:17:06]  SMTP[1] CLIENT -> SERVER: [credentials hidden]
[2026-02-26 23:17:06]  SMTP[2] SERVER -> CLIENT: 235 2.7.0 Authentication successful

[2026-02-26 23:17:06]  SMTP[1] CLIENT -> SERVER: MAIL FROM:<sales@catvnet.co.jp>

[2026-02-26 23:17:06]  SMTP[2] SERVER -> CLIENT: 250 2.1.0 Ok

[2026-02-26 23:17:06]  SMTP[1] CLIENT -> SERVER: RCPT TO:<keita.matsubara@interark.co.jp>

[2026-02-26 23:17:06]  SMTP[2] SERVER -> CLIENT: 250 2.1.5 Ok

[2026-02-26 23:17:06]  SMTP[1] CLIENT -> SERVER: DATA

[2026-02-26 23:17:06]  SMTP[2] SERVER -> CLIENT: 354 End data with <CR><LF>.<CR><LF>

[2026-02-26 23:17:06]  SMTP[1] CLIENT -> SERVER: Date: Thu, 26 Feb 2026 23:17:06 +0900

[2026-02-26 23:17:06]  SMTP[1] CLIENT -> SERVER: To: =?UTF-8?B?44Kk44Oz44K/44O844Ki44O844Kv5p2+5Y6f?= <keita.matsubara@interark.co.jp>

[2026-02-26 23:17:06]  SMTP[1] CLIENT -> SERVER: From: =?UTF-8?B?5bCE5rC044Kx44O844OW44Or44ON44OD44OI44Ov44O844Kv5qCq5byP5Lya?=

[2026-02-26 23:17:06]  SMTP[1] CLIENT -> SERVER:  =?UTF-8?B?56S+?= <sales@catvnet.co.jp>

[2026-02-26 23:17:06]  SMTP[1] CLIENT -> SERVER: Reply-To: =?UTF-8?B?5bCE5rC044Kx44O844OW44Or44ON44OD44OI44Ov44O844Kv5qCq5byP5Lya?=

[2026-02-26 23:17:06]  SMTP[1] CLIENT -> SERVER:  =?UTF-8?B?56S+?= <sales@catvnet.co.jp>

[2026-02-26 23:17:06]  SMTP[1] CLIENT -> SERVER: Subject: =?UTF-8?B?44CQ5bCE5rC044Kx44O844OW44Or44ON44OD44OI44Ov44O844Kv44CR44GK?=

[2026-02-26 23:17:06]  SMTP[1] CLIENT -> SERVER:  =?UTF-8?B?5ZWP44GE5ZCI44KP44Gb44GC44KK44GM44Go44GG44GU44GW44GE44G+44GZ?=

[2026-02-26 23:17:06]  SMTP[1] CLIENT -> SERVER: Message-ID: <93mF4hopIIvfcD3nx6lsJcdhAo88gVLPQgM5YgFAJc@www.canet.ne.jp>

[2026-02-26 23:17:06]  SMTP[1] CLIENT -> SERVER: X-Mailer: PHPMailer 6.9.3 (https://github.com/PHPMailer/PHPMailer)

[2026-02-26 23:17:06]  SMTP[1] CLIENT -> SERVER: MIME-Version: 1.0

[2026-02-26 23:17:06]  SMTP[1] CLIENT -> SERVER: Content-Type: text/plain; charset=UTF-8

[2026-02-26 23:17:06]  SMTP[1] CLIENT -> SERVER: Content-Transfer-Encoding: base64

[2026-02-26 23:17:06]  SMTP[1] CLIENT -> SERVER: 

[2026-02-26 23:17:06]  SMTP[1] CLIENT -> SERVER: 44Kk44Oz44K/44O844Ki44O844Kv5p2+5Y6fIOanmAoK4pSA4pSA4pSA4pSA4pSA4pSA4pSA4pSA

[2026-02-26 23:17:06]  SMTP[1] CLIENT -> SERVER: 4pSA4pSA4pSA4pSA4pSA4pSA4pSA4pSA4pSA4pSA4pSA4pSA4pSA4pSA4pSA4pSA4pSA4pSACgrj

[2026-02-26 23:17:06]  SMTP[1] CLIENT -> SERVER: gZPjga7luqbjga/jgYrllY/jgYTlkIjjgo/jgZvpoILjgY3oqqDjgavjgYLjgorjgYzjgajjgYbj

[2026-02-26 23:17:06]  SMTP[1] CLIENT -> SERVER: gZTjgZbjgYTjgb7jgZfjgZ/jgIIK5pS544KB44Gm5ouF5b2T6ICF44KI44KK44GU6YCj57Wh44KS

[2026-02-26 23:17:06]  SMTP[1] CLIENT -> SERVER: 44GV44Gb44Gm44GE44Gf44Gg44GN44G+44GZ44CCCgrilIDjgZTpgIHkv6HlhoXlrrnjga7norro

[2026-02-26 23:17:06]  SMTP[1] CLIENT -> SERVER: qo3ilIDilIDilIDilIDilIDilIDilIDilIDilIDilIDilIDilIDilIDilIDilIDilIDilIAKWyDj

[2026-02-26 23:17:06]  SMTP[1] CLIENT -> SERVER: gYrllY/jgYTlkIjjgo/jgZvjga7nqK7poZ4gXSDjgb7jgZrjga/nm7joq4fjgpLjgZfjgZ/jgYQK

[2026-02-26 23:17:06]  SMTP[1] CLIENT -> SERVER: WyDjgYrlkI3liY0gXSDjgqTjg7Pjgr/jg7zjgqLjg7zjgq/mnb7ljp8KWyDjgZTkvY/miYAgXSDk

[2026-02-26 23:17:07]  SMTP[1] CLIENT -> SERVER: vY/miYDjg4bjgrnjg4gKWyDpm7voqbHnlarlj7cgXSAwOTA5OTk5OTk5OQpbIOODoeODvOODq+OC

[2026-02-26 23:17:07]  SMTP[1] CLIENT -> SERVER: ouODieODrOOCuSBdIGtlaXRhLm1hdHN1YmFyYUBpbnRlcmFyay5jby5qcApbIOOBiuWVj+OBhOWQ

[2026-02-26 23:17:07]  SMTP[1] CLIENT -> SERVER: iOOCj+OBm+WGheWuuSBdCuebuOirh+WGheWuuXRlc3QKCuKUgOKUgOKUgArjgZPjga7jg6Hjg7zj

[2026-02-26 23:17:07]  SMTP[1] CLIENT -> SERVER: g6vjga/lsITmsLTjgrHjg7zjg5bjg6vjg43jg4Pjg4jjg6/jg7zjgq/moKrlvI/kvJrnpL7jga7j

[2026-02-26 23:17:07]  SMTP[1] CLIENT -> SERVER: gYrllY/jgYTlkIjjgo/jgZvjg5Xjgqnjg7zjg6DjgYvjgonpgIHkv6HjgZXjgozjgb7jgZfjgZ/j

[2026-02-26 23:17:07]  SMTP[1] CLIENT -> SERVER: gIIK

[2026-02-26 23:17:07]  SMTP[1] CLIENT -> SERVER: 

[2026-02-26 23:17:07]  SMTP[1] CLIENT -> SERVER: .

[2026-02-26 23:17:07]  SMTP[2] SERVER -> CLIENT: 250 2.0.0 Ok: queued as 4fMD6p5yZvz35rS8S

[2026-02-26 23:17:07]  SMTP[1] CLIENT -> SERVER: QUIT

[2026-02-26 23:17:07]  SMTP[2] SERVER -> CLIENT: 221 2.0.0 Bye

[2026-02-26 23:21:13]  SMTP[2] SERVER -> CLIENT: 220 mail.canet.ne.jp ESMTP (submission cluster node 01)

[2026-02-26 23:21:13]  SMTP[1] CLIENT -> SERVER: EHLO www.canet.ne.jp

[2026-02-26 23:21:13]  SMTP[2] SERVER -> CLIENT: 250-access01.SiriusCloud.jp
250-PIPELINING
250-SIZE 57671680
250-ETRN
250-STARTTLS
250-AUTH PLAIN LOGIN CRAM-MD5
250-AUTH=PLAIN LOGIN CRAM-MD5
250-ENHANCEDSTATUSCODES
250-8BITMIME
250 DSN

[2026-02-26 23:21:13]  SMTP[1] CLIENT -> SERVER: STARTTLS

[2026-02-26 23:21:13]  SMTP[2] SERVER -> CLIENT: 220 2.0.0 Ready to start TLS

[2026-02-26 23:21:13]  SMTP[1] CLIENT -> SERVER: EHLO www.canet.ne.jp

[2026-02-26 23:21:13]  SMTP[2] SERVER -> CLIENT: 250-access01.SiriusCloud.jp
250-PIPELINING
250-SIZE 57671680
250-ETRN
250-AUTH PLAIN LOGIN CRAM-MD5
250-AUTH=PLAIN LOGIN CRAM-MD5
250-ENHANCEDSTATUSCODES
250-8BITMIME
250 DSN

[2026-02-26 23:21:13]  SMTP[1] CLIENT -> SERVER: AUTH CRAM-MD5

[2026-02-26 23:21:13]  SMTP[2] SERVER -> CLIENT: 334 PDAwNjc4MjUwNjU5ODE0NTcuMTc3MjExNTY3M0BzaS1tYWlsMDE+

[2026-02-26 23:21:13]  SMTP[1] CLIENT -> SERVER: [credentials hidden]
[2026-02-26 23:21:13]  SMTP[2] SERVER -> CLIENT: 235 2.7.0 Authentication successful

[2026-02-26 23:21:13]  SMTP[1] CLIENT -> SERVER: MAIL FROM:<info@canet.ne.jp>

[2026-02-26 23:21:13]  SMTP[2] SERVER -> CLIENT: 250 2.1.0 Ok

[2026-02-26 23:21:13]  SMTP[1] CLIENT -> SERVER: RCPT TO:<keita.matsubara@interark.co.jp>

[2026-02-26 23:21:13]  SMTP[2] SERVER -> CLIENT: 250 2.1.5 Ok

[2026-02-26 23:21:13]  SMTP[1] CLIENT -> SERVER: DATA

[2026-02-26 23:21:13]  SMTP[2] SERVER -> CLIENT: 354 End data with <CR><LF>.<CR><LF>

[2026-02-26 23:21:13]  SMTP[1] CLIENT -> SERVER: Date: Thu, 26 Feb 2026 23:21:13 +0900

[2026-02-26 23:21:13]  SMTP[1] CLIENT -> SERVER: To: keita.matsubara@interark.co.jp

[2026-02-26 23:21:13]  SMTP[1] CLIENT -> SERVER: From: =?UTF-8?B?5bCE5rC044Kx44O844OW44Or44ON44OD44OI44Ov44O844Kv5qCq5byP5Lya?=

[2026-02-26 23:21:13]  SMTP[1] CLIENT -> SERVER:  =?UTF-8?B?56S+?= <info@canet.ne.jp>

[2026-02-26 23:21:13]  SMTP[1] CLIENT -> SERVER: Reply-To: =?UTF-8?B?44Kk44Oz44K/44O844Ki44O844Kv5p2+5Y6f?= <keita.matsubara@interark.co.jp>

[2026-02-26 23:21:13]  SMTP[1] CLIENT -> SERVER: Subject: =?UTF-8?B?44CQ5bCE5rC044Kx44O844OW44Or44ON44OD44OI44Ov44O844Kv44CR44ON?=

[2026-02-26 23:21:13]  SMTP[1] CLIENT -> SERVER:  =?UTF-8?B?44OD44OITFAg44GK5ZWP44GE5ZCI44KP44Gb44OV44Kp44O844Og?=

[2026-02-26 23:21:13]  SMTP[1] CLIENT -> SERVER: Message-ID: <J4VdO0IG7SX8Bx9j2JWx7JCmti5pN3xBaGTtS7i8hZo@www.canet.ne.jp>

[2026-02-26 23:21:13]  SMTP[1] CLIENT -> SERVER: X-Mailer: PHPMailer 6.9.3 (https://github.com/PHPMailer/PHPMailer)

[2026-02-26 23:21:13]  SMTP[1] CLIENT -> SERVER: MIME-Version: 1.0

[2026-02-26 23:21:13]  SMTP[1] CLIENT -> SERVER: Content-Type: text/plain; charset=UTF-8

[2026-02-26 23:21:13]  SMTP[1] CLIENT -> SERVER: Content-Transfer-Encoding: base64

[2026-02-26 23:21:13]  SMTP[1] CLIENT -> SERVER: 

[2026-02-26 23:21:13]  SMTP[1] CLIENT -> SERVER: 5bCE5rC044Kx44O844OW44Or44ON44OD44OI44Ov44O844KvIOODjeODg+ODiExQ44KI44KK44GK

[2026-02-26 23:21:13]  SMTP[1] CLIENT -> SERVER: 5ZWP44GE5ZCI44KP44Gb44GM44GC44KK44G+44GX44Gf44CCCgotLS0tLS0tLS0tLS0tLS0tLS0t

[2026-02-26 23:21:13]  SMTP[1] CLIENT -> SERVER: LS0tLS0tLS0tLS0tLS0tLS0tLS0tLS0tLS0tLS0tLS0tLS0tLS0tLS0KWyDjgYrllY/jgYTlkIjj

[2026-02-26 23:21:13]  SMTP[1] CLIENT -> SERVER: go/jgZvjga7nqK7poZ4gXSDjgb7jgZrjga/nm7joq4fjgpLjgZfjgZ/jgYQKWyDjgYrlkI3liY0g

[2026-02-26 23:21:13]  SMTP[1] CLIENT -> SERVER: XSDjgqTjg7Pjgr/jg7zjgqLjg7zjgq/mnb7ljp8KWyDjgZTkvY/miYAgXSDkvY/miYDjg4bjgrnj

[2026-02-26 23:21:13]  SMTP[1] CLIENT -> SERVER: g4gKWyDpm7voqbHnlarlj7cgXSAwOTA5OTk5OTk5OQpbIOODoeODvOODq+OCouODieODrOOCuSBd

[2026-02-26 23:21:13]  SMTP[1] CLIENT -> SERVER: IGtlaXRhLm1hdHN1YmFyYUBpbnRlcmFyay5jby5qcApbIOOBiuWVj+OBhOWQiOOCj+OBm+WGheWu

[2026-02-26 23:21:13]  SMTP[1] CLIENT -> SERVER: uSBdCuebuOirh+WGheWuuXRlc3QKClsg6YCB5L+h5pel5pmCIF0gMjAyNi0wMi0yNiAyMzoyMTox

[2026-02-26 23:21:13]  SMTP[1] CLIENT -> SERVER: MwoKLS0tLQrjgZPjga7jg6Hjg7zjg6vjga/lsITmsLTjgrHjg7zjg5bjg6vjg43jg4Pjg4jjg6/j

[2026-02-26 23:21:13]  SMTP[1] CLIENT -> SERVER: g7zjgq9MUOOBruOBiuWVj+OBhOWQiOOCj+OBm+ODleOCqeODvOODoOOBi+OCiemAgeS/oeOBleOC

[2026-02-26 23:21:13]  SMTP[1] CLIENT -> SERVER: jOOBvuOBl+OBn+OAggo=

[2026-02-26 23:21:13]  SMTP[1] CLIENT -> SERVER: 

[2026-02-26 23:21:13]  SMTP[1] CLIENT -> SERVER: .

[2026-02-26 23:21:13]  SMTP[2] SERVER -> CLIENT: 250 2.0.0 Ok: queued as 4fMDCY3NHsz35tvGR

[2026-02-26 23:21:13]  SMTP[1] CLIENT -> SERVER: QUIT

[2026-02-26 23:21:13]  SMTP[2] SERVER -> CLIENT: 221 2.0.0 Bye

[2026-02-26 23:21:13]  SMTP[2] SERVER -> CLIENT: 220 mail.canet.ne.jp ESMTP (submission cluster node 01)

[2026-02-26 23:21:13]  SMTP[1] CLIENT -> SERVER: EHLO www.canet.ne.jp

[2026-02-26 23:21:13]  SMTP[2] SERVER -> CLIENT: 250-access01.SiriusCloud.jp
250-PIPELINING
250-SIZE 57671680
250-ETRN
250-STARTTLS
250-AUTH PLAIN LOGIN CRAM-MD5
250-AUTH=PLAIN LOGIN CRAM-MD5
250-ENHANCEDSTATUSCODES
250-8BITMIME
250 DSN

[2026-02-26 23:21:13]  SMTP[1] CLIENT -> SERVER: STARTTLS

[2026-02-26 23:21:13]  SMTP[2] SERVER -> CLIENT: 220 2.0.0 Ready to start TLS

[2026-02-26 23:21:13]  SMTP[1] CLIENT -> SERVER: EHLO www.canet.ne.jp

[2026-02-26 23:21:14]  SMTP[2] SERVER -> CLIENT: 250-access01.SiriusCloud.jp
250-PIPELINING
250-SIZE 57671680
250-ETRN
250-AUTH PLAIN LOGIN CRAM-MD5
250-AUTH=PLAIN LOGIN CRAM-MD5
250-ENHANCEDSTATUSCODES
250-8BITMIME
250 DSN

[2026-02-26 23:21:14]  SMTP[1] CLIENT -> SERVER: AUTH CRAM-MD5

[2026-02-26 23:21:14]  SMTP[2] SERVER -> CLIENT: 334 PDQ2MTI3Mjc5Njk3OTU0MjkuMTc3MjExNTY3NEBzaS1tYWlsMDE+

[2026-02-26 23:21:14]  SMTP[1] CLIENT -> SERVER: [credentials hidden]
[2026-02-26 23:21:14]  SMTP[2] SERVER -> CLIENT: 235 2.7.0 Authentication successful

[2026-02-26 23:21:14]  SMTP[1] CLIENT -> SERVER: MAIL FROM:<info@canet.ne.jp>

[2026-02-26 23:21:14]  SMTP[2] SERVER -> CLIENT: 250 2.1.0 Ok

[2026-02-26 23:21:14]  SMTP[1] CLIENT -> SERVER: RCPT TO:<keita.matsubara@interark.co.jp>

[2026-02-26 23:21:14]  SMTP[2] SERVER -> CLIENT: 250 2.1.5 Ok

[2026-02-26 23:21:14]  SMTP[1] CLIENT -> SERVER: DATA

[2026-02-26 23:21:14]  SMTP[2] SERVER -> CLIENT: 354 End data with <CR><LF>.<CR><LF>

[2026-02-26 23:21:14]  SMTP[1] CLIENT -> SERVER: Date: Thu, 26 Feb 2026 23:21:13 +0900

[2026-02-26 23:21:14]  SMTP[1] CLIENT -> SERVER: To: =?UTF-8?B?44Kk44Oz44K/44O844Ki44O844Kv5p2+5Y6f?= <keita.matsubara@interark.co.jp>

[2026-02-26 23:21:14]  SMTP[1] CLIENT -> SERVER: From: =?UTF-8?B?5bCE5rC044Kx44O844OW44Or44ON44OD44OI44Ov44O844Kv5qCq5byP5Lya?=

[2026-02-26 23:21:14]  SMTP[1] CLIENT -> SERVER:  =?UTF-8?B?56S+?= <info@canet.ne.jp>

[2026-02-26 23:21:14]  SMTP[1] CLIENT -> SERVER: Reply-To: =?UTF-8?B?5bCE5rC044Kx44O844OW44Or44ON44OD44OI44Ov44O844Kv5qCq5byP5Lya?=

[2026-02-26 23:21:14]  SMTP[1] CLIENT -> SERVER:  =?UTF-8?B?56S+?= <info@canet.ne.jp>

[2026-02-26 23:21:14]  SMTP[1] CLIENT -> SERVER: Subject: =?UTF-8?B?44CQ5bCE5rC044Kx44O844OW44Or44ON44OD44OI44Ov44O844Kv44CR44GK?=

[2026-02-26 23:21:14]  SMTP[1] CLIENT -> SERVER:  =?UTF-8?B?5ZWP44GE5ZCI44KP44Gb44GC44KK44GM44Go44GG44GU44GW44GE44G+44GZ?=

[2026-02-26 23:21:14]  SMTP[1] CLIENT -> SERVER: Message-ID: <S72yKgsZmKek7qjusndtjAnMtbte4Peq1ckG1gK4Y@www.canet.ne.jp>

[2026-02-26 23:21:14]  SMTP[1] CLIENT -> SERVER: X-Mailer: PHPMailer 6.9.3 (https://github.com/PHPMailer/PHPMailer)

[2026-02-26 23:21:14]  SMTP[1] CLIENT -> SERVER: MIME-Version: 1.0

[2026-02-26 23:21:14]  SMTP[1] CLIENT -> SERVER: Content-Type: text/plain; charset=UTF-8

[2026-02-26 23:21:14]  SMTP[1] CLIENT -> SERVER: Content-Transfer-Encoding: base64

[2026-02-26 23:21:14]  SMTP[1] CLIENT -> SERVER: 

[2026-02-26 23:21:14]  SMTP[1] CLIENT -> SERVER: 44Kk44Oz44K/44O844Ki44O844Kv5p2+5Y6fIOanmAoK4pSA4pSA4pSA4pSA4pSA4pSA4pSA4pSA

[2026-02-26 23:21:14]  SMTP[1] CLIENT -> SERVER: 4pSA4pSA4pSA4pSA4pSA4pSA4pSA4pSA4pSA4pSA4pSA4pSA4pSA4pSA4pSA4pSA4pSA4pSACgrj

[2026-02-26 23:21:14]  SMTP[1] CLIENT -> SERVER: gZPjga7luqbjga/jgYrllY/jgYTlkIjjgo/jgZvpoILjgY3oqqDjgavjgYLjgorjgYzjgajjgYbj

[2026-02-26 23:21:14]  SMTP[1] CLIENT -> SERVER: gZTjgZbjgYTjgb7jgZfjgZ/jgIIK5pS544KB44Gm5ouF5b2T6ICF44KI44KK44GU6YCj57Wh44KS

[2026-02-26 23:21:14]  SMTP[1] CLIENT -> SERVER: 44GV44Gb44Gm44GE44Gf44Gg44GN44G+44GZ44CCCgrilIDjgZTpgIHkv6HlhoXlrrnjga7norro

[2026-02-26 23:21:14]  SMTP[1] CLIENT -> SERVER: qo3ilIDilIDilIDilIDilIDilIDilIDilIDilIDilIDilIDilIDilIDilIDilIDilIDilIAKWyDj

[2026-02-26 23:21:14]  SMTP[1] CLIENT -> SERVER: gYrllY/jgYTlkIjjgo/jgZvjga7nqK7poZ4gXSDjgb7jgZrjga/nm7joq4fjgpLjgZfjgZ/jgYQK

[2026-02-26 23:21:14]  SMTP[1] CLIENT -> SERVER: WyDjgYrlkI3liY0gXSDjgqTjg7Pjgr/jg7zjgqLjg7zjgq/mnb7ljp8KWyDjgZTkvY/miYAgXSDk

[2026-02-26 23:21:14]  SMTP[1] CLIENT -> SERVER: vY/miYDjg4bjgrnjg4gKWyDpm7voqbHnlarlj7cgXSAwOTA5OTk5OTk5OQpbIOODoeODvOODq+OC

[2026-02-26 23:21:14]  SMTP[1] CLIENT -> SERVER: ouODieODrOOCuSBdIGtlaXRhLm1hdHN1YmFyYUBpbnRlcmFyay5jby5qcApbIOOBiuWVj+OBhOWQ

[2026-02-26 23:21:14]  SMTP[1] CLIENT -> SERVER: iOOCj+OBm+WGheWuuSBdCuebuOirh+WGheWuuXRlc3QKCuKUgOKUgOKUgArjgZPjga7jg6Hjg7zj

[2026-02-26 23:21:14]  SMTP[1] CLIENT -> SERVER: g6vjga/lsITmsLTjgrHjg7zjg5bjg6vjg43jg4Pjg4jjg6/jg7zjgq/moKrlvI/kvJrnpL7jga7j

[2026-02-26 23:21:14]  SMTP[1] CLIENT -> SERVER: gYrllY/jgYTlkIjjgo/jgZvjg5Xjgqnjg7zjg6DjgYvjgonpgIHkv6HjgZXjgozjgb7jgZfjgZ/j

[2026-02-26 23:21:14]  SMTP[1] CLIENT -> SERVER: gIIK

[2026-02-26 23:21:14]  SMTP[1] CLIENT -> SERVER: 

[2026-02-26 23:21:14]  SMTP[1] CLIENT -> SERVER: .

[2026-02-26 23:21:14]  SMTP[2] SERVER -> CLIENT: 250 2.0.0 Ok: queued as 4fMDCZ13VZz3611yw

[2026-02-26 23:21:14]  SMTP[1] CLIENT -> SERVER: QUIT

[2026-02-26 23:21:14]  SMTP[2] SERVER -> CLIENT: 221 2.0.0 Bye

[2026-02-26 23:22:11]  SMTP[2] SERVER -> CLIENT: 220 mail.canet.ne.jp ESMTP (submission cluster node 01)

[2026-02-26 23:22:11]  SMTP[1] CLIENT -> SERVER: EHLO www.canet.ne.jp

[2026-02-26 23:22:11]  SMTP[2] SERVER -> CLIENT: 250-access01.SiriusCloud.jp
250-PIPELINING
250-SIZE 57671680
250-ETRN
250-STARTTLS
250-AUTH PLAIN LOGIN CRAM-MD5
250-AUTH=PLAIN LOGIN CRAM-MD5
250-ENHANCEDSTATUSCODES
250-8BITMIME
250 DSN

[2026-02-26 23:22:11]  SMTP[1] CLIENT -> SERVER: STARTTLS

[2026-02-26 23:22:11]  SMTP[2] SERVER -> CLIENT: 220 2.0.0 Ready to start TLS

[2026-02-26 23:22:11]  SMTP[1] CLIENT -> SERVER: EHLO www.canet.ne.jp

[2026-02-26 23:22:11]  SMTP[2] SERVER -> CLIENT: 250-access01.SiriusCloud.jp
250-PIPELINING
250-SIZE 57671680
250-ETRN
250-AUTH PLAIN LOGIN CRAM-MD5
250-AUTH=PLAIN LOGIN CRAM-MD5
250-ENHANCEDSTATUSCODES
250-8BITMIME
250 DSN

[2026-02-26 23:22:11]  SMTP[1] CLIENT -> SERVER: AUTH CRAM-MD5

[2026-02-26 23:22:11]  SMTP[2] SERVER -> CLIENT: 334 PDk4ODk1MTc0NTI4Mjg4NjEuMTc3MjExNTczMUBzaS1tYWlsMDE+

[2026-02-26 23:22:11]  SMTP[1] CLIENT -> SERVER: [credentials hidden]
[2026-02-26 23:22:11]  SMTP[2] SERVER -> CLIENT: 235 2.7.0 Authentication successful

[2026-02-26 23:22:11]  SMTP[1] CLIENT -> SERVER: MAIL FROM:<test@canet.ne.jp>

[2026-02-26 23:22:11]  SMTP[2] SERVER -> CLIENT: 250 2.1.0 Ok

[2026-02-26 23:22:11]  SMTP[1] CLIENT -> SERVER: RCPT TO:<keita.matsubara@interark.co.jp>

[2026-02-26 23:22:11]  SMTP[2] SERVER -> CLIENT: 250 2.1.5 Ok

[2026-02-26 23:22:11]  SMTP[1] CLIENT -> SERVER: DATA

[2026-02-26 23:22:11]  SMTP[2] SERVER -> CLIENT: 354 End data with <CR><LF>.<CR><LF>

[2026-02-26 23:22:11]  SMTP[1] CLIENT -> SERVER: Date: Thu, 26 Feb 2026 23:22:11 +0900

[2026-02-26 23:22:11]  SMTP[1] CLIENT -> SERVER: To: keita.matsubara@interark.co.jp

[2026-02-26 23:22:11]  SMTP[1] CLIENT -> SERVER: From: =?UTF-8?B?5bCE5rC044Kx44O844OW44Or44ON44OD44OI44Ov44O844Kv5qCq5byP5Lya?=

[2026-02-26 23:22:11]  SMTP[1] CLIENT -> SERVER:  =?UTF-8?B?56S+?= <test@canet.ne.jp>

[2026-02-26 23:22:11]  SMTP[1] CLIENT -> SERVER: Reply-To: =?UTF-8?B?44Kk44Oz44K/44O844Ki44O844Kv5p2+5Y6f?= <keita.matsubara@interark.co.jp>

[2026-02-26 23:22:11]  SMTP[1] CLIENT -> SERVER: Subject: =?UTF-8?B?44CQ5bCE5rC044Kx44O844OW44Or44ON44OD44OI44Ov44O844Kv44CR44ON?=

[2026-02-26 23:22:11]  SMTP[1] CLIENT -> SERVER:  =?UTF-8?B?44OD44OITFAg44GK5ZWP44GE5ZCI44KP44Gb44OV44Kp44O844Og?=

[2026-02-26 23:22:11]  SMTP[1] CLIENT -> SERVER: Message-ID: <dSeIPdEyBANh1J2QbuRYPf826vgJ7DZhEFba7XdJSgI@www.canet.ne.jp>

[2026-02-26 23:22:11]  SMTP[1] CLIENT -> SERVER: X-Mailer: PHPMailer 6.9.3 (https://github.com/PHPMailer/PHPMailer)

[2026-02-26 23:22:11]  SMTP[1] CLIENT -> SERVER: MIME-Version: 1.0

[2026-02-26 23:22:11]  SMTP[1] CLIENT -> SERVER: Content-Type: text/plain; charset=UTF-8

[2026-02-26 23:22:11]  SMTP[1] CLIENT -> SERVER: Content-Transfer-Encoding: base64

[2026-02-26 23:22:11]  SMTP[1] CLIENT -> SERVER: 

[2026-02-26 23:22:11]  SMTP[1] CLIENT -> SERVER: 5bCE5rC044Kx44O844OW44Or44ON44OD44OI44Ov44O844KvIOODjeODg+ODiExQ44KI44KK44GK

[2026-02-26 23:22:11]  SMTP[1] CLIENT -> SERVER: 5ZWP44GE5ZCI44KP44Gb44GM44GC44KK44G+44GX44Gf44CCCgotLS0tLS0tLS0tLS0tLS0tLS0t

[2026-02-26 23:22:11]  SMTP[1] CLIENT -> SERVER: LS0tLS0tLS0tLS0tLS0tLS0tLS0tLS0tLS0tLS0tLS0tLS0tLS0tLS0KWyDjgYrllY/jgYTlkIjj

[2026-02-26 23:22:11]  SMTP[1] CLIENT -> SERVER: go/jgZvjga7nqK7poZ4gXSDjgb7jgZrjga/nm7joq4fjgpLjgZfjgZ/jgYQKWyDjgYrlkI3liY0g

[2026-02-26 23:22:11]  SMTP[1] CLIENT -> SERVER: XSDjgqTjg7Pjgr/jg7zjgqLjg7zjgq/mnb7ljp8KWyDjgZTkvY/miYAgXSDkvY/miYDjg4bjgrnj

[2026-02-26 23:22:11]  SMTP[1] CLIENT -> SERVER: g4gKWyDpm7voqbHnlarlj7cgXSAwOTA5OTk5OTk5OQpbIOODoeODvOODq+OCouODieODrOOCuSBd

[2026-02-26 23:22:11]  SMTP[1] CLIENT -> SERVER: IGtlaXRhLm1hdHN1YmFyYUBpbnRlcmFyay5jby5qcApbIOOBiuWVj+OBhOWQiOOCj+OBm+WGheWu

[2026-02-26 23:22:11]  SMTP[1] CLIENT -> SERVER: uSBdCuebuOirh+WGheWuuXRlc3QKClsg6YCB5L+h5pel5pmCIF0gMjAyNi0wMi0yNiAyMzoyMjox

[2026-02-26 23:22:11]  SMTP[1] CLIENT -> SERVER: MQoKLS0tLQrjgZPjga7jg6Hjg7zjg6vjga/lsITmsLTjgrHjg7zjg5bjg6vjg43jg4Pjg4jjg6/j

[2026-02-26 23:22:11]  SMTP[1] CLIENT -> SERVER: g7zjgq9MUOOBruOBiuWVj+OBhOWQiOOCj+OBm+ODleOCqeODvOODoOOBi+OCiemAgeS/oeOBleOC

[2026-02-26 23:22:11]  SMTP[1] CLIENT -> SERVER: jOOBvuOBl+OBn+OAggo=

[2026-02-26 23:22:11]  SMTP[1] CLIENT -> SERVER: 

[2026-02-26 23:22:11]  SMTP[1] CLIENT -> SERVER: .

[2026-02-26 23:22:11]  SMTP[2] SERVER -> CLIENT: 250 2.0.0 Ok: queued as 4fMDDg2rYPz35tvGR

[2026-02-26 23:22:11]  SMTP[1] CLIENT -> SERVER: QUIT

[2026-02-26 23:22:11]  SMTP[2] SERVER -> CLIENT: 221 2.0.0 Bye

[2026-02-26 23:22:11]  SMTP[2] SERVER -> CLIENT: 220 mail.canet.ne.jp ESMTP (submission cluster node 01)

[2026-02-26 23:22:11]  SMTP[1] CLIENT -> SERVER: EHLO www.canet.ne.jp

[2026-02-26 23:22:11]  SMTP[2] SERVER -> CLIENT: 250-access01.SiriusCloud.jp
250-PIPELINING
250-SIZE 57671680
250-ETRN
250-STARTTLS
250-AUTH PLAIN LOGIN CRAM-MD5
250-AUTH=PLAIN LOGIN CRAM-MD5
250-ENHANCEDSTATUSCODES
250-8BITMIME
250 DSN

[2026-02-26 23:22:11]  SMTP[1] CLIENT -> SERVER: STARTTLS

[2026-02-26 23:22:11]  SMTP[2] SERVER -> CLIENT: 220 2.0.0 Ready to start TLS

[2026-02-26 23:22:11]  SMTP[1] CLIENT -> SERVER: EHLO www.canet.ne.jp

[2026-02-26 23:22:11]  SMTP[2] SERVER -> CLIENT: 250-access01.SiriusCloud.jp
250-PIPELINING
250-SIZE 57671680
250-ETRN
250-AUTH PLAIN LOGIN CRAM-MD5
250-AUTH=PLAIN LOGIN CRAM-MD5
250-ENHANCEDSTATUSCODES
250-8BITMIME
250 DSN

[2026-02-26 23:22:11]  SMTP[1] CLIENT -> SERVER: AUTH CRAM-MD5

[2026-02-26 23:22:11]  SMTP[2] SERVER -> CLIENT: 334 PDU3NTYwNzkzNzM5MzYxMDUuMTc3MjExNTczMUBzaS1tYWlsMDE+

[2026-02-26 23:22:11]  SMTP[1] CLIENT -> SERVER: [credentials hidden]
[2026-02-26 23:22:11]  SMTP[2] SERVER -> CLIENT: 235 2.7.0 Authentication successful

[2026-02-26 23:22:11]  SMTP[1] CLIENT -> SERVER: MAIL FROM:<test@canet.ne.jp>

[2026-02-26 23:22:11]  SMTP[2] SERVER -> CLIENT: 250 2.1.0 Ok

[2026-02-26 23:22:11]  SMTP[1] CLIENT -> SERVER: RCPT TO:<keita.matsubara@interark.co.jp>

[2026-02-26 23:22:11]  SMTP[2] SERVER -> CLIENT: 250 2.1.5 Ok

[2026-02-26 23:22:11]  SMTP[1] CLIENT -> SERVER: DATA

[2026-02-26 23:22:11]  SMTP[2] SERVER -> CLIENT: 354 End data with <CR><LF>.<CR><LF>

[2026-02-26 23:22:11]  SMTP[1] CLIENT -> SERVER: Date: Thu, 26 Feb 2026 23:22:11 +0900

[2026-02-26 23:22:11]  SMTP[1] CLIENT -> SERVER: To: =?UTF-8?B?44Kk44Oz44K/44O844Ki44O844Kv5p2+5Y6f?= <keita.matsubara@interark.co.jp>

[2026-02-26 23:22:11]  SMTP[1] CLIENT -> SERVER: From: =?UTF-8?B?5bCE5rC044Kx44O844OW44Or44ON44OD44OI44Ov44O844Kv5qCq5byP5Lya?=

[2026-02-26 23:22:11]  SMTP[1] CLIENT -> SERVER:  =?UTF-8?B?56S+?= <test@canet.ne.jp>

[2026-02-26 23:22:11]  SMTP[1] CLIENT -> SERVER: Reply-To: =?UTF-8?B?5bCE5rC044Kx44O844OW44Or44ON44OD44OI44Ov44O844Kv5qCq5byP5Lya?=

[2026-02-26 23:22:11]  SMTP[1] CLIENT -> SERVER:  =?UTF-8?B?56S+?= <test@canet.ne.jp>

[2026-02-26 23:22:11]  SMTP[1] CLIENT -> SERVER: Subject: =?UTF-8?B?44CQ5bCE5rC044Kx44O844OW44Or44ON44OD44OI44Ov44O844Kv44CR44GK?=

[2026-02-26 23:22:11]  SMTP[1] CLIENT -> SERVER:  =?UTF-8?B?5ZWP44GE5ZCI44KP44Gb44GC44KK44GM44Go44GG44GU44GW44GE44G+44GZ?=

[2026-02-26 23:22:11]  SMTP[1] CLIENT -> SERVER: Message-ID: <NREYkw8ff7v4YrEFBsQ3Yw49DCrXfRRfDwA6mQ@www.canet.ne.jp>

[2026-02-26 23:22:11]  SMTP[1] CLIENT -> SERVER: X-Mailer: PHPMailer 6.9.3 (https://github.com/PHPMailer/PHPMailer)

[2026-02-26 23:22:12]  SMTP[1] CLIENT -> SERVER: MIME-Version: 1.0

[2026-02-26 23:22:12]  SMTP[1] CLIENT -> SERVER: Content-Type: text/plain; charset=UTF-8

[2026-02-26 23:22:12]  SMTP[1] CLIENT -> SERVER: Content-Transfer-Encoding: base64

[2026-02-26 23:22:12]  SMTP[1] CLIENT -> SERVER: 

[2026-02-26 23:22:12]  SMTP[1] CLIENT -> SERVER: 44Kk44Oz44K/44O844Ki44O844Kv5p2+5Y6fIOanmAoK4pSA4pSA4pSA4pSA4pSA4pSA4pSA4pSA

[2026-02-26 23:22:12]  SMTP[1] CLIENT -> SERVER: 4pSA4pSA4pSA4pSA4pSA4pSA4pSA4pSA4pSA4pSA4pSA4pSA4pSA4pSA4pSA4pSA4pSA4pSACgrj

[2026-02-26 23:22:12]  SMTP[1] CLIENT -> SERVER: gZPjga7luqbjga/jgYrllY/jgYTlkIjjgo/jgZvpoILjgY3oqqDjgavjgYLjgorjgYzjgajjgYbj

[2026-02-26 23:22:12]  SMTP[1] CLIENT -> SERVER: gZTjgZbjgYTjgb7jgZfjgZ/jgIIK5pS544KB44Gm5ouF5b2T6ICF44KI44KK44GU6YCj57Wh44KS

[2026-02-26 23:22:12]  SMTP[1] CLIENT -> SERVER: 44GV44Gb44Gm44GE44Gf44Gg44GN44G+44GZ44CCCgrilIDjgZTpgIHkv6HlhoXlrrnjga7norro

[2026-02-26 23:22:12]  SMTP[1] CLIENT -> SERVER: qo3ilIDilIDilIDilIDilIDilIDilIDilIDilIDilIDilIDilIDilIDilIDilIDilIDilIAKWyDj

[2026-02-26 23:22:12]  SMTP[1] CLIENT -> SERVER: gYrllY/jgYTlkIjjgo/jgZvjga7nqK7poZ4gXSDjgb7jgZrjga/nm7joq4fjgpLjgZfjgZ/jgYQK

[2026-02-26 23:22:12]  SMTP[1] CLIENT -> SERVER: WyDjgYrlkI3liY0gXSDjgqTjg7Pjgr/jg7zjgqLjg7zjgq/mnb7ljp8KWyDjgZTkvY/miYAgXSDk

[2026-02-26 23:22:12]  SMTP[1] CLIENT -> SERVER: vY/miYDjg4bjgrnjg4gKWyDpm7voqbHnlarlj7cgXSAwOTA5OTk5OTk5OQpbIOODoeODvOODq+OC

[2026-02-26 23:22:12]  SMTP[1] CLIENT -> SERVER: ouODieODrOOCuSBdIGtlaXRhLm1hdHN1YmFyYUBpbnRlcmFyay5jby5qcApbIOOBiuWVj+OBhOWQ

[2026-02-26 23:22:12]  SMTP[1] CLIENT -> SERVER: iOOCj+OBm+WGheWuuSBdCuebuOirh+WGheWuuXRlc3QKCuKUgOKUgOKUgArjgZPjga7jg6Hjg7zj

[2026-02-26 23:22:12]  SMTP[1] CLIENT -> SERVER: g6vjga/lsITmsLTjgrHjg7zjg5bjg6vjg43jg4Pjg4jjg6/jg7zjgq/moKrlvI/kvJrnpL7jga7j

[2026-02-26 23:22:12]  SMTP[1] CLIENT -> SERVER: gYrllY/jgYTlkIjjgo/jgZvjg5Xjgqnjg7zjg6DjgYvjgonpgIHkv6HjgZXjgozjgb7jgZfjgZ/j

[2026-02-26 23:22:12]  SMTP[1] CLIENT -> SERVER: gIIK

[2026-02-26 23:22:12]  SMTP[1] CLIENT -> SERVER: 

[2026-02-26 23:22:12]  SMTP[1] CLIENT -> SERVER: .

[2026-02-26 23:22:12]  SMTP[2] SERVER -> CLIENT: 250 2.0.0 Ok: queued as 4fMDDg6VC5z35tvGR

[2026-02-26 23:22:12]  SMTP[1] CLIENT -> SERVER: QUIT

[2026-02-26 23:22:12]  SMTP[2] SERVER -> CLIENT: 221 2.0.0 Bye

[2026-02-26 23:44:27] SMTP credentials are not configured.
[2026-02-26 23:45:06] SMTP credentials are not configured.
